Unknown identifier a
Unknown identifier b
⎬+
 ⎬3
 ⎬a