Unknown identifier a
Unknown identifier b
Unknown identifier c
⎬-
 ⎬a
 ⎬*
  ⎬/
  ⎪⎬b
  ⎪⎬c
  ⎬f