Unknown identifier a
Unknown identifier c
Unknown identifier f
⎬+
 ⎬+
 ⎪⎬1
 ⎪⎬+
 ⎪ ⎬2
 ⎪ ⎬3
 ⎬*
  ⎬/
  ⎪⎬*
  ⎪⎪⎬3
  ⎪⎪⎬5
  ⎪⎬6
  ⎬7