Unknown identifier a
Unknown identifier b
⎬>
 ⎬*
 ⎪⎬+
 ⎪⎪⎬a
 ⎪⎪⎬b
 ⎪⎬3
 ⎬-
  ⎬a
  ⎬3