Unknown identifier a
Unknown identifier b
Unknown identifier a
⎬-
 ⎬2