⎬+
 ⎬foo with params:
  ⎬1
 ⎬bar with params:
  ⎬1