⎬-
 ⎬foo with params:
  ⎬-
   ⎬1
   ⎬2
  ⎬+
   ⎬a
   ⎬b
  ⎬c
 ⎬bar with params:
  ⎬+
   ⎬1
   ⎬1