Position            Type                     Text                Value               
-------------------------------------------------------------------------------------
(1,1)               Integer                  100500              100500              
(1,1)               End of file              EndOfFile           EndOfFile           
