Position            Type                     Text                Value               
-------------------------------------------------------------------------------------
(1,1)               Exponential double       1.1e2               110.0               
