Position            Type                     Text                Value               
-------------------------------------------------------------------------------------
(1,1)               Id                       a                   a                   
(1,3)               Equal                    =                   =                   
(1,5)               Keyword                  array               array               
(1,10)              Left square bracket      [                   [                   
(1,11)              Integer                  1                   1                   
(1,13)              Double dot               ..                  ..                  
(1,15)              Integer                  5                   5                   
(1,16)              Right square bracket     ]                   ]                   
(1,18)              Id                       of                  of                  
(1,21)              Id                       integer             integer             
(1,28)              SemiColon                ;                   ;                   
(1,28)              End of file              EndOfFile           EndOfFile           
