Position            Type                     Text                Value               
-------------------------------------------------------------------------------------
(1,1)               Long comments            {comment}           {comment}           
(1,1)               End of file              EndOfFile           EndOfFile           
