Position            Type                     Text                Value               
-------------------------------------------------------------------------------------
(1,1)               Id                       str                 str                 
(1,4)               Assign                   :=                  :=                  
(1,6)               String                   'A + B * c - 3'     A + B * c - 3       
