Position            Type                     Text                Value               
-------------------------------------------------------------------------------------
(1,1)               Left bracket             (                   (                   
(1,2)               Left bracket             (                   (                   
(1,3)               Id                       a                   a                   
(1,4)               Plus                     +                   +                   
(1,5)               Id                       b                   b                   
(1,6)               Right bracket            )                   )                   
(1,7)               Mult                     *                   *                   
(1,8)               Id                       c                   c                   
(1,9)               Right bracket            )                   )                   
(1,10)              Minus                    -                   -                   
(1,11)              Integer                  3                   3                   
(1,11)              End of file              EndOfFile           EndOfFile           
