Position            Type                     Text                Value               
-------------------------------------------------------------------------------------
(1,1)               Minus                    -                   -                   
(1,2)               Id                       a                   a                   
