Position            Type                     Text                Value               
-------------------------------------------------------------------------------------
(1,1)               String                   'a'                 a                   
(1,3)               Double dot               ..                  ..                  
(1,5)               String                   'z'                 z                   
(1,5)               End of file              EndOfFile           EndOfFile           
