Position            Type                     Text                Value               
-------------------------------------------------------------------------------------
(1,1)               Id                       int                 int                 
