Position            Type                Text                Value               
--------------------------------------------------------------------------------
(1,1)               Number              100500              100500              
