Position            Type                Text                Value               
--------------------------------------------------------------------------------
(1,1)               Double              1.5                 1.5                 
