Position            Type                Text                Value               
--------------------------------------------------------------------------------
(1,1)               ID                  str                 str                 
(1,4)               Special symbol      :=                  :=                  
(1,6)               String              'A + B * c - 3'     A + B * c - 3       
