Position            Type                Text                Value               
--------------------------------------------------------------------------------
(1,1)               Special symbol      (                   (                   
(1,2)               Special symbol      (                   (                   
(1,3)               ID                  a                   a                   
(1,4)               Special symbol      +                   +                   
(1,5)               ID                  b                   b                   
(1,6)               Special symbol      )                   )                   
(1,7)               Special symbol      *                   *                   
(1,8)               ID                  c                   c                   
(1,9)               Special symbol      )                   )                   
(1,10)              Special symbol      -                   -                   
(1,11)              Number              3                   3                   
