Position            Type                Text                Value               
--------------------------------------------------------------------------------
(1,1)               Key word            for                 for                 
(1,5)               ID                  ch                  ch                  
(1,7)               Special symbol      :=                  :=                  
(1,9)               String              'A'                 A                   
(1,12)              ID                  to                  to                  
(1,15)              String              'Z'                 Z                   
(1,18)              Key word            do                  do                  
(1,21)              ID                  Writeln             Writeln             
(1,28)              Special symbol      (                   (                   
(1,29)              ID                  ch                  ch                  
(1,31)              Special symbol      )                   )                   
(1,32)              Special symbol      ;                   ;                   
