Declaration
 ⎬b - Integer(Var)
 ⎬a - Integer(Var)
 ⎬c - Double(Var)