Duplicate declaration of "b"
Declaration
 ⎬b - +
      ⎬5
      ⎬/
       ⎬5
       ⎬-
        ⎬2(Const)
 ⎬f - Double(Var)
 ⎬a - Integer(Var)
 ⎬c - 3(Const)