Declaration
 ⎬b - Double(Type)
 ⎬a - Integer(Type)