Declaration
 ⎬b - Double(Type)
 ⎬a - Integer(Type)
 ⎬c - Integer(Var)