Declaration
 ‚é¨foo - Function
 Params: a - Double, c - Integer
 Return type: Integer


