Declaration
 ‚é¨foo - Procedure
 Params: a - Double, c - Integer


