Declaration
 ⎬foo - Function
 Params
 Return type: Integer



 ⎬bar - Procedure
 Params: a - Double, c - Integer


