(col: 6, row: 2) - different number of argument in bar