(3, 9) - operator and is not overloaded for Integer and Double