(3, 9) - operator mod is not overloaded for Integer and Double