Main block
 ⎬ Repeat satement
  ⎬<
   ⎬i
   ⎬3
  ⎬ Assign
   ⎬i
   ⎬+
    ⎬i
    ⎬1
  ⎬ Assign
   ⎬a
   ⎬+
    ⎬3
    ⎬i
End of Main block
