Unknown identifier i
Unknown identifier i
Unknown identifier n
Unknown identifier a
Unknown identifier a
Main block
 ⎬ For satement
  ⎬i
  ⎬1
  ⎬n
  ⎬ Assign
   ⎬a
   ⎬3
End of Main block
