Main block
 ⎬ If-Else statement
  ⎬or
   ⎬or
   ⎪⎬<
   ⎪⎪⎬a
   ⎪⎪⎬3
   ⎪⎬>
   ⎪ ⎬a
   ⎪ ⎬0
   ⎬=
    ⎬a
    ⎬3
  ⎬ Assign
   ⎬a
   ⎬3
End of Main block
