Main block
 ⎬ Procedure or Function Call foo with params:
  ⎬1
End of Main block
