Main block
 ⎬ Procedure or Function Call foo with params:
  ⎬1
  ⎬+
   ⎬1
   ⎬1
  ⎬+
   ⎬b
   ⎬a
End of Main block
